 pipt1

 Timestamp is 65968d9a (Thu Jan  4 12:51:06 2024)

 Preferred load address is 0000000000000000

 Start         Length     Name                   Class
 0001:00000000 00001250H .text$mn                CODE
 0001:00001250 00000036H .text$mn$00             CODE
 0001:00001286 00000092H .text$x                 CODE
 0002:00000000 00000120H .idata$5                DATA
 0002:00000120 00000028H .00cfg                  DATA
 0002:00000148 00000008H .CRT$XCA                DATA
 0002:00000150 00000008H .CRT$XCZ                DATA
 0002:00000158 00000008H .CRT$XIA                DATA
 0002:00000160 00000008H .CRT$XIZ                DATA
 0002:00000168 00000008H .CRT$XPA                DATA
 0002:00000170 00000008H .CRT$XPZ                DATA
 0002:00000178 00000008H .CRT$XTA                DATA
 0002:00000180 00000010H .CRT$XTZ                DATA
 0002:00000188 00000000H .gehcont$y              DATA
 0002:00000188 00000000H .gfids$y                DATA
 0002:00000190 00000270H .rdata                  DATA
 0002:00000400 00000008H .rdata$CastGuardVftablesA DATA
 0002:00000408 00000008H .rdata$CastGuardVftablesC DATA
 0002:00000410 00000028H .rdata$voltmd           DATA
 0002:00000438 00000308H .rdata$zzzdbg           DATA
 0002:00000740 00000008H .rtc$IAA                DATA
 0002:00000748 00000008H .rtc$IZZ                DATA
 0002:00000750 00000008H .rtc$TAA                DATA
 0002:00000758 00000008H .rtc$TZZ                DATA
 0002:00000760 0000003cH .idata$2                DATA
 0002:0000079c 00000014H .idata$3                DATA
 0002:000007b0 00000120H .idata$4                DATA
 0002:000008d0 00000318H .idata$6                DATA
 0003:00000000 00000040H .data                   DATA
 0003:00000040 000000c0H .bss                    DATA
 0004:00000000 000001f8H .pdata                  DATA
 0005:00000000 00000048H .edata                  DATA
 0006:00000000 0000023cH .xdata                  DATA

  Address         Publics by Value              Rva+Base               Lib:Object

 0000:00000000       ___safe_se_handler_count   0000000000000000     <absolute>
 0000:00000000       __guard_longjmp_table      0000000000000000     <absolute>
 0000:00000000       __guard_iat_count          0000000000000000     <absolute>
 0000:00000000       __guard_longjmp_count      0000000000000000     <absolute>
 0000:00000000       __hybrid_code_map_count    0000000000000000     <absolute>
 0000:00000000       __x64_code_ranges_to_entry_points 0000000000000000     <absolute>
 0000:00000000       __guard_iat_table          0000000000000000     <absolute>
 0000:00000000       __x64_code_ranges_to_entry_points_count 0000000000000000     <absolute>
 0000:00000000       __dynamic_value_reloc_table 0000000000000000     <absolute>
 0000:00000000       __arm64x_redirection_metadata 0000000000000000     <absolute>
 0000:00000000       __AbsoluteZero             0000000000000000     <absolute>
 0000:00000000       __guard_eh_cont_count      0000000000000000     <absolute>
 0000:00000000       __arm64x_native_entrypoint 0000000000000000     <absolute>
 0000:00000000       __arm64x_extra_rfe_table   0000000000000000     <absolute>
 0000:00000000       __guard_eh_cont_table      0000000000000000     <absolute>
 0000:00000000       ___safe_se_handler_table   0000000000000000     <absolute>
 0000:00000000       __hybrid_auxiliary_iat_copy 0000000000000000     <absolute>
 0000:00000000       __enclave_config           0000000000000000     <absolute>
 0000:00000000       __arm64x_redirection_metadata_count 0000000000000000     <absolute>
 0000:00000000       __hybrid_auxiliary_iat     0000000000000000     <absolute>
 0000:00000000       __guard_check_icall_a64n_fptr 0000000000000000     <absolute>
 0000:00000000       __hybrid_code_map          0000000000000000     <absolute>
 0000:00000000       __arm64x_extra_rfe_table_size 0000000000000000     <absolute>
 0000:00000000       __guard_fids_count         0000000000000000     <absolute>
 0000:00000000       __guard_fids_table         0000000000000000     <absolute>
 0000:00000100       __guard_flags              0000000000000100     <absolute>
 0000:00000000       __ImageBase                0000000000000000     <linker-defined>
 0001:00000000       picontroller               0000000000001000 f   picontroller.obj
 0001:000000a0       CallFcn_a1                 00000000000010a0 f   picontroller_pcf.obj
 0001:000000c0       DllMain                    00000000000010c0 f   ts_drv.obj
 0001:000000d0       HostPC_Init                00000000000010d0 f   ts_drv.obj
 0001:00000160       TsAppendError              0000000000001160 f   ts_drv.obj
 0001:000001d0       TLCodeCovReached           00000000000011d0 f   tl_c_cov.obj
 0001:00000534       _CRT_INIT                  0000000000001534 f   MSVCRT:dll_dllmain.obj
 0001:0000053c       _DllMainCRTStartup         000000000000153c f   MSVCRT:dll_dllmain.obj
 0001:000005e8       __security_init_cookie     00000000000015e8 f   MSVCRT:gs_support.obj
 0001:00000694       ?__scrt_initialize_type_info@@YAXXZ 0000000000001694 f   MSVCRT:tncleanup.obj
 0001:000006a4       ?__scrt_uninitialize_type_info@@YAXXZ 00000000000016a4 f   MSVCRT:tncleanup.obj
 0001:000006b0       __local_stdio_printf_options 00000000000016b0 f i MSVCRT:default_local_stdio_options.obj
 0001:000006b8       __local_stdio_scanf_options 00000000000016b8 f i MSVCRT:default_local_stdio_options.obj
 0001:000006c0       __scrt_initialize_default_local_stdio_options 00000000000016c0 f   MSVCRT:default_local_stdio_options.obj
 0001:000006dc       ?configure_argv@__scrt_narrow_argv_policy@@SAHXZ 00000000000016dc f i MSVCRT:utility.obj
 0001:0000073c       ?initialize_environment@__scrt_narrow_environment_policy@@SAHXZ 000000000000173c f i MSVCRT:utility.obj
 0001:00000774       NtCurrentTeb               0000000000001774 f i MSVCRT:utility.obj
 0001:00000780       __scrt_acquire_startup_lock 0000000000001780 f   MSVCRT:utility.obj
 0001:000007bc       __scrt_dllmain_after_initialize_c 00000000000017bc f   MSVCRT:utility.obj
 0001:000007f0       __scrt_dllmain_before_initialize_c 00000000000017f0 f   MSVCRT:utility.obj
 0001:00000808       __scrt_dllmain_crt_thread_attach 0000000000001808 f   MSVCRT:utility.obj
 0001:00000830       __scrt_dllmain_crt_thread_detach 0000000000001830 f   MSVCRT:utility.obj
 0001:00000848       __scrt_dllmain_exception_filter 0000000000001848 f   MSVCRT:utility.obj
 0001:000008a8       __scrt_dllmain_uninitialize_c 00000000000018a8 f   MSVCRT:utility.obj
 0001:000008d8       __scrt_dllmain_uninitialize_critical 00000000000018d8 f   MSVCRT:utility.obj
 0001:000008ec       __scrt_initialize_crt      00000000000018ec f   MSVCRT:utility.obj
 0001:00000938       __scrt_initialize_onexit_tables 0000000000001938 f   MSVCRT:utility.obj
 0001:000009c4       __scrt_is_nonwritable_in_current_image 00000000000019c4 f   MSVCRT:utility.obj
 0001:00000a5c       __scrt_release_startup_lock 0000000000001a5c f   MSVCRT:utility.obj
 0001:00000a80       __scrt_uninitialize_crt    0000000000001a80 f   MSVCRT:utility.obj
 0001:00000aac       _onexit                    0000000000001aac f   MSVCRT:utility.obj
 0001:00000ae8       at_quick_exit              0000000000001ae8 f   MSVCRT:utility.obj
 0001:00000b08       atexit                     0000000000001b08 f   MSVCRT:utility.obj
 0001:00000b20       __scrt_get_dyn_tls_init_callback 0000000000001b20 f   MSVCRT:dyn_tls_init.obj
 0001:00000b28       __crt_debugger_hook        0000000000001b28 f   MSVCRT:utility_desktop.obj
 0001:00000b30       __scrt_fastfail            0000000000001b30 f   MSVCRT:utility_desktop.obj
 0001:00000c7c       __scrt_get_show_window_mode 0000000000001c7c f   MSVCRT:utility_desktop.obj
 0001:00000cb8       __scrt_initialize_mta      0000000000001cb8 f   MSVCRT:utility_desktop.obj
 0001:00000cc0       __scrt_initialize_winrt    0000000000001cc0 f   MSVCRT:utility_desktop.obj
 0001:00000cc4       __scrt_is_managed_app      0000000000001cc4 f   MSVCRT:utility_desktop.obj
 0001:00000d18       __scrt_set_unhandled_exception_filter 0000000000001d18 f   MSVCRT:utility_desktop.obj
 0001:00000d28       __scrt_exe_initialize_mta  0000000000001d28 f   MSVCRT:utility_desktop.obj
 0001:00000d28       __scrt_stub_for_initialize_mta 0000000000001d28 f   MSVCRT:utility_desktop.obj
 0001:00000d2c       __scrt_unhandled_exception_filter 0000000000001d2c f   MSVCRT:utility_desktop.obj
 0001:00000d88       _RTC_Initialize            0000000000001d88 f   MSVCRT:initsect.obj
 0001:00000dc4       _RTC_Terminate             0000000000001dc4 f   MSVCRT:initsect.obj
 0001:00000e00       _guard_check_icall_nop     0000000000001e00 f i MSVCRT:guard_support.obj
 0001:00000e04       ReadNoFence64              0000000000001e04 f i MSVCRT:guard_support.obj
 0001:00000e08       ReadPointerNoFence         0000000000001e08 f i MSVCRT:guard_support.obj
 0001:00000e0c       __castguard_check_failure_debugbreak 0000000000001e0c f i MSVCRT:guard_support.obj
 0001:00000e28       __castguard_check_failure_fastfail 0000000000001e28 f i MSVCRT:guard_support.obj
 0001:00000e4c       __castguard_check_failure_nop 0000000000001e4c f i MSVCRT:guard_support.obj
 0001:00000e50       __castguard_check_failure_os_handled 0000000000001e50 f i MSVCRT:guard_support.obj
 0001:00000eb0       __castguard_slow_path_check_debugbreak 0000000000001eb0 f i MSVCRT:guard_support.obj
 0001:00000ee4       __castguard_slow_path_check_fastfail 0000000000001ee4 f i MSVCRT:guard_support.obj
 0001:00000f20       __castguard_slow_path_check_nop 0000000000001f20 f i MSVCRT:guard_support.obj
 0001:00000f24       __castguard_slow_path_check_os_handled 0000000000001f24 f i MSVCRT:guard_support.obj
 0001:00000f98       _guard_icall_checks_enforced 0000000000001f98 f i MSVCRT:guard_support.obj
 0001:00000fb0       _guard_rf_checks_enforced  0000000000001fb0 f i MSVCRT:guard_support.obj
 0001:00000fb4       __isa_available_init       0000000000001fb4 f   MSVCRT:cpu_disp.obj
 0001:00001158       _get_startup_argv_mode     0000000000002158 f   MSVCRT:argv_mode.obj
 0001:00001160       __scrt_is_ucrt_dll_in_use  0000000000002160 f   MSVCRT:ucrt_detection.obj
 0001:00001170       GetModuleHandleA           0000000000002170 f   kernel32:KERNEL32.dll
 0001:00001176       GetProcAddress             0000000000002176 f   kernel32:KERNEL32.dll
 0001:0000117c       QueryPerformanceCounter    000000000000217c f   kernel32:KERNEL32.dll
 0001:00001182       GetCurrentProcessId        0000000000002182 f   kernel32:KERNEL32.dll
 0001:00001188       GetCurrentThreadId         0000000000002188 f   kernel32:KERNEL32.dll
 0001:0000118e       GetSystemTimeAsFileTime    000000000000218e f   kernel32:KERNEL32.dll
 0001:00001194       InitializeSListHead        0000000000002194 f   kernel32:KERNEL32.dll
 0001:0000119a       RtlCaptureContext          000000000000219a f   kernel32:KERNEL32.dll
 0001:000011a0       RtlLookupFunctionEntry     00000000000021a0 f   kernel32:KERNEL32.dll
 0001:000011a6       RtlVirtualUnwind           00000000000021a6 f   kernel32:KERNEL32.dll
 0001:000011ac       IsDebuggerPresent          00000000000021ac f   kernel32:KERNEL32.dll
 0001:000011b2       UnhandledExceptionFilter   00000000000021b2 f   kernel32:KERNEL32.dll
 0001:000011b8       SetUnhandledExceptionFilter 00000000000021b8 f   kernel32:KERNEL32.dll
 0001:000011be       GetStartupInfoW            00000000000021be f   kernel32:KERNEL32.dll
 0001:000011c4       IsProcessorFeaturePresent  00000000000021c4 f   kernel32:KERNEL32.dll
 0001:000011ca       GetModuleHandleW           00000000000021ca f   kernel32:KERNEL32.dll
 0001:000011d0       __C_specific_handler       00000000000021d0 f   vcruntime:VCRUNTIME140.dll
 0001:000011d6       __std_type_info_destroy_list 00000000000021d6 f   vcruntime:VCRUNTIME140.dll
 0001:000011dc       __current_exception        00000000000021dc f   vcruntime:VCRUNTIME140.dll
 0001:000011e2       __current_exception_context 00000000000021e2 f   vcruntime:VCRUNTIME140.dll
 0001:000011e8       memset                     00000000000021e8 f   vcruntime:VCRUNTIME140.dll
 0001:000011ee       _initterm                  00000000000021ee f   ucrt:api-ms-win-crt-runtime-l1-1-0.dll
 0001:000011f4       _initterm_e                00000000000021f4 f   ucrt:api-ms-win-crt-runtime-l1-1-0.dll
 0001:000011fa       _seh_filter_dll            00000000000021fa f   ucrt:api-ms-win-crt-runtime-l1-1-0.dll
 0001:00001200       _configure_narrow_argv     0000000000002200 f   ucrt:api-ms-win-crt-runtime-l1-1-0.dll
 0001:00001206       _initialize_narrow_environment 0000000000002206 f   ucrt:api-ms-win-crt-runtime-l1-1-0.dll
 0001:0000120c       _initialize_onexit_table   000000000000220c f   ucrt:api-ms-win-crt-runtime-l1-1-0.dll
 0001:00001212       _register_onexit_function  0000000000002212 f   ucrt:api-ms-win-crt-runtime-l1-1-0.dll
 0001:00001218       _execute_onexit_table      0000000000002218 f   ucrt:api-ms-win-crt-runtime-l1-1-0.dll
 0001:0000121e       _crt_atexit                000000000000221e f   ucrt:api-ms-win-crt-runtime-l1-1-0.dll
 0001:00001224       _crt_at_quick_exit         0000000000002224 f   ucrt:api-ms-win-crt-runtime-l1-1-0.dll
 0001:0000122a       _cexit                     000000000000222a f   ucrt:api-ms-win-crt-runtime-l1-1-0.dll
 0001:00001230       terminate                  0000000000002230 f   ucrt:api-ms-win-crt-runtime-l1-1-0.dll
 0001:00001238       __vcrt_initialize          0000000000002238 f   MSVCRT:ucrt_stubs.obj
 0001:00001238       __acrt_initialize          0000000000002238 f   MSVCRT:ucrt_stubs.obj
 0001:00001238       __scrt_stub_for_acrt_initialize 0000000000002238 f   MSVCRT:ucrt_stubs.obj
 0001:0000123c       __scrt_stub_for_acrt_thread_attach 000000000000223c f   MSVCRT:ucrt_stubs.obj
 0001:0000123c       __acrt_thread_attach       000000000000223c f   MSVCRT:ucrt_stubs.obj
 0001:0000123c       __vcrt_thread_attach       000000000000223c f   MSVCRT:ucrt_stubs.obj
 0001:00001240       __scrt_stub_for_acrt_thread_detach 0000000000002240 f   MSVCRT:ucrt_stubs.obj
 0001:00001240       __vcrt_thread_detach       0000000000002240 f   MSVCRT:ucrt_stubs.obj
 0001:00001240       __acrt_thread_detach       0000000000002240 f   MSVCRT:ucrt_stubs.obj
 0001:00001244       __acrt_uninitialize        0000000000002244 f   MSVCRT:ucrt_stubs.obj
 0001:00001244       __scrt_stub_for_acrt_uninitialize 0000000000002244 f   MSVCRT:ucrt_stubs.obj
 0001:00001244       __vcrt_uninitialize        0000000000002244 f   MSVCRT:ucrt_stubs.obj
 0001:00001248       __vcrt_uninitialize_critical 0000000000002248 f   MSVCRT:ucrt_stubs.obj
 0001:00001248       __scrt_stub_for_acrt_uninitialize_critical 0000000000002248 f   MSVCRT:ucrt_stubs.obj
 0001:00001248       __acrt_uninitialize_critical 0000000000002248 f   MSVCRT:ucrt_stubs.obj
 0001:0000124c       __scrt_stub_for_is_c_termination_complete 000000000000224c f   MSVCRT:ucrt_stubs.obj
 0001:0000124c       _is_c_termination_complete 000000000000224c f   MSVCRT:ucrt_stubs.obj
 0001:00001260       _guard_dispatch_icall_nop  0000000000002260 f   MSVCRT:guard_dispatch.obj
 0001:00001280       _guard_xfg_dispatch_icall_nop 0000000000002280 f   MSVCRT:guard_xfg_dispatch.obj
 0002:00000000       __imp_GetModuleHandleA     0000000000003000     kernel32:KERNEL32.dll
 0002:00000008       __imp_GetProcAddress       0000000000003008     kernel32:KERNEL32.dll
 0002:00000010       __imp_QueryPerformanceCounter 0000000000003010     kernel32:KERNEL32.dll
 0002:00000018       __imp_GetCurrentProcessId  0000000000003018     kernel32:KERNEL32.dll
 0002:00000020       __imp_GetCurrentThreadId   0000000000003020     kernel32:KERNEL32.dll
 0002:00000028       __imp_GetSystemTimeAsFileTime 0000000000003028     kernel32:KERNEL32.dll
 0002:00000030       __imp_InitializeSListHead  0000000000003030     kernel32:KERNEL32.dll
 0002:00000038       __imp_RtlCaptureContext    0000000000003038     kernel32:KERNEL32.dll
 0002:00000040       __imp_RtlLookupFunctionEntry 0000000000003040     kernel32:KERNEL32.dll
 0002:00000048       __imp_RtlVirtualUnwind     0000000000003048     kernel32:KERNEL32.dll
 0002:00000050       __imp_IsDebuggerPresent    0000000000003050     kernel32:KERNEL32.dll
 0002:00000058       __imp_UnhandledExceptionFilter 0000000000003058     kernel32:KERNEL32.dll
 0002:00000060       __imp_SetUnhandledExceptionFilter 0000000000003060     kernel32:KERNEL32.dll
 0002:00000068       __imp_GetStartupInfoW      0000000000003068     kernel32:KERNEL32.dll
 0002:00000070       __imp_IsProcessorFeaturePresent 0000000000003070     kernel32:KERNEL32.dll
 0002:00000078       __imp_GetModuleHandleW     0000000000003078     kernel32:KERNEL32.dll
 0002:00000080       \177KERNEL32_NULL_THUNK_DATA 0000000000003080     kernel32:KERNEL32.dll
 0002:00000088       __imp___C_specific_handler 0000000000003088     vcruntime:VCRUNTIME140.dll
 0002:00000090       __imp___std_type_info_destroy_list 0000000000003090     vcruntime:VCRUNTIME140.dll
 0002:00000098       __imp___current_exception  0000000000003098     vcruntime:VCRUNTIME140.dll
 0002:000000a0       __imp___current_exception_context 00000000000030a0     vcruntime:VCRUNTIME140.dll
 0002:000000a8       __imp_memset               00000000000030a8     vcruntime:VCRUNTIME140.dll
 0002:000000b0       \177VCRUNTIME140_NULL_THUNK_DATA 00000000000030b0     vcruntime:VCRUNTIME140.dll
 0002:000000b8       __imp__initterm            00000000000030b8     ucrt:api-ms-win-crt-runtime-l1-1-0.dll
 0002:000000c0       __imp__initterm_e          00000000000030c0     ucrt:api-ms-win-crt-runtime-l1-1-0.dll
 0002:000000c8       __imp__seh_filter_dll      00000000000030c8     ucrt:api-ms-win-crt-runtime-l1-1-0.dll
 0002:000000d0       __imp__configure_narrow_argv 00000000000030d0     ucrt:api-ms-win-crt-runtime-l1-1-0.dll
 0002:000000d8       __imp__initialize_narrow_environment 00000000000030d8     ucrt:api-ms-win-crt-runtime-l1-1-0.dll
 0002:000000e0       __imp__initialize_onexit_table 00000000000030e0     ucrt:api-ms-win-crt-runtime-l1-1-0.dll
 0002:000000e8       __imp__register_onexit_function 00000000000030e8     ucrt:api-ms-win-crt-runtime-l1-1-0.dll
 0002:000000f0       __imp__execute_onexit_table 00000000000030f0     ucrt:api-ms-win-crt-runtime-l1-1-0.dll
 0002:000000f8       __imp__crt_atexit          00000000000030f8     ucrt:api-ms-win-crt-runtime-l1-1-0.dll
 0002:00000100       __imp__crt_at_quick_exit   0000000000003100     ucrt:api-ms-win-crt-runtime-l1-1-0.dll
 0002:00000108       __imp__cexit               0000000000003108     ucrt:api-ms-win-crt-runtime-l1-1-0.dll
 0002:00000110       __imp_terminate            0000000000003110     ucrt:api-ms-win-crt-runtime-l1-1-0.dll
 0002:00000118       \177api-ms-win-crt-runtime-l1-1-0_NULL_THUNK_DATA 0000000000003118     ucrt:api-ms-win-crt-runtime-l1-1-0.dll
 0002:00000120       __guard_check_icall_fptr   0000000000003120     MSVCRT:guard_support.obj
 0002:00000128       __guard_xfg_check_icall_fptr 0000000000003128     MSVCRT:guard_support.obj
 0002:00000130       __guard_dispatch_icall_fptr 0000000000003130     MSVCRT:guard_support.obj
 0002:00000138       __guard_xfg_dispatch_icall_fptr 0000000000003138     MSVCRT:guard_support.obj
 0002:00000140       __guard_xfg_table_dispatch_icall_fptr 0000000000003140     MSVCRT:guard_support.obj
 0002:00000148       __xc_a                     0000000000003148     MSVCRT:initializers.obj
 0002:00000150       __xc_z                     0000000000003150     MSVCRT:initializers.obj
 0002:00000158       __xi_a                     0000000000003158     MSVCRT:initializers.obj
 0002:00000160       __xi_z                     0000000000003160     MSVCRT:initializers.obj
 0002:00000168       __xp_a                     0000000000003168     MSVCRT:initializers.obj
 0002:00000170       __xp_z                     0000000000003170     MSVCRT:initializers.obj
 0002:00000178       __xt_a                     0000000000003178     MSVCRT:initializers.obj
 0002:00000180       __xt_z                     0000000000003180     MSVCRT:initializers.obj
 0002:00000198       ??_C@_0BB@CFHAMFKA@ABCDEFGHIJKLMNOP@ 0000000000003198     ts_drv.obj
 0002:000001b0       ??_C@_08JCGNECCE@TLSS?4dll@ 00000000000031b0     ts_drv.obj
 0002:000001c0       ??_C@_0BD@JNNKPAFO@HostPC_AppendError@ 00000000000031c0     ts_drv.obj
 0002:000001d8       _pDefaultRawDllMain        00000000000031d8     MSVCRT:dll_dllmain.obj
 0002:000001d8       _pRawDllMain               00000000000031d8     MSVCRT:dll_dllmain.obj
 0002:000001e0       __xmm@ffffffffffffffffffffffffffffffff 00000000000031e0     MSVCRT:utility.obj
 0002:00000250       _load_config_used          0000000000003250     MSVCRT:loadcfg.obj
 0002:00000400       __CastGuardVftablesStart   0000000000003400     MSVCRT:guard_support.obj
 0002:00000408       __CastGuardVftablesEnd     0000000000003408     MSVCRT:guard_support.obj
 0002:00000410       __volatile_metadata        0000000000003410     <linker-defined>
 0002:00000740       __rtc_iaa                  0000000000003740     MSVCRT:initsect.obj
 0002:00000748       __rtc_izz                  0000000000003748     MSVCRT:initsect.obj
 0002:00000750       __rtc_taa                  0000000000003750     MSVCRT:initsect.obj
 0002:00000758       __rtc_tzz                  0000000000003758     MSVCRT:initsect.obj
 0002:00000760       __IMPORT_DESCRIPTOR_KERNEL32 0000000000003760     kernel32:KERNEL32.dll
 0002:00000774       __IMPORT_DESCRIPTOR_VCRUNTIME140 0000000000003774     vcruntime:VCRUNTIME140.dll
 0002:00000788       __IMPORT_DESCRIPTOR_api-ms-win-crt-runtime-l1-1-0 0000000000003788     ucrt:api-ms-win-crt-runtime-l1-1-0.dll
 0002:0000079c       __NULL_IMPORT_DESCRIPTOR   000000000000379c     kernel32:KERNEL32.dll
 0003:00000000       __scrt_native_dllmain_reason 0000000000004000     MSVCRT:utility.obj
 0003:00000008       __security_cookie_complement 0000000000004008     MSVCRT:gs_cookie.obj
 0003:00000010       __security_cookie          0000000000004010     MSVCRT:gs_cookie.obj
 0003:00000018       __isa_available            0000000000004018     MSVCRT:cpu_disp.obj
 0003:0000001c       __isa_enabled              000000000000401c     MSVCRT:cpu_disp.obj
 0003:00000020       __memcpy_nt_iters          0000000000004020     MSVCRT:cpu_disp.obj
 0003:00000028       __memset_nt_iters          0000000000004028     MSVCRT:cpu_disp.obj
 0003:00000030       __scrt_ucrt_dll_is_in_use  0000000000004030     MSVCRT:ucrt_stubs.obj
 0003:00000060       ?__type_info_root_node@@3U__type_info_node@@A 0000000000004060     MSVCRT:tncleanup.obj
 0003:00000070       ?_OptionsStorage@?1??__local_stdio_printf_options@@9@4_KA 0000000000004070     MSVCRT:default_local_stdio_options.obj
 0003:00000078       ?_OptionsStorage@?1??__local_stdio_scanf_options@@9@4_KA 0000000000004078     MSVCRT:default_local_stdio_options.obj
 0003:00000080       __scrt_current_native_startup_state 0000000000004080     MSVCRT:utility.obj
 0003:00000088       __scrt_native_startup_lock 0000000000004088     MSVCRT:utility.obj
 0003:000000c8       __scrt_debugger_hook_flag  00000000000040c8     MSVCRT:utility_desktop.obj
 0003:000000d0       __castguard_check_failure_os_handled_fptr 00000000000040d0     MSVCRT:guard_support.obj
 0003:000000d8       __favor                    00000000000040d8     MSVCRT:cpu_disp.obj
 0003:000000e0       log_struct_a               00000000000040e0     <common>
 0003:000000ec       Sa1_Y                      00000000000040ec     <common>
 0003:000000ee       Sa1_U                      00000000000040ee     <common>
 0003:000000f0       Sa1_REF                    00000000000040f0     <common>
 0003:000000f8       __dyn_tls_init_callback    00000000000040f8     <common>

 entry point at        0001:0000053c

 Static symbols

 0000:ffff8000       _volmd                     0000000000000000     picontroller.obj
 0000:ffff7000       .debug$S                   0000000000000000     pipt1.exp
 0000:ffff8000       _volmd                     0000000000000000     MSVCRT:cpu_disp.obj
 0002:ffffd000       __guard_ehcont_?dllmain_dispatch@@YAHQEAUHINSTANCE__@@KQEAX@Z 0000000000000000     MSVCRT:dll_dllmain.obj
 0002:ffffd000       __guard_fids_?dllmain_dispatch@@YAHQEAUHINSTANCE__@@KQEAX@Z 0000000000000000     MSVCRT:dll_dllmain.obj
 0002:ffffd000       __guard_fids__             0000000000000000     MSVCRT:guard_support.obj
 0002:ffffd000       __guard_fids__             0000000000000000     MSVCRT:guard_support.obj
 0002:ffffd000       __guard_fids__guard_icall_checks_enforced 0000000000000000     MSVCRT:guard_support.obj
 0000:ffff8000       _volmd                     0000000000000000     MSVCRT:guard_support.obj
 0000:ffff8000       _volmd                     0000000000000000     MSVCRT:guard_support.obj
 0000:ffff8000       _volmd                     0000000000000000     MSVCRT:guard_support.obj
 0000:ffff8000       _volmd                     0000000000000000     MSVCRT:guard_support.obj
 0000:ffff8000       _volmd                     0000000000000000     MSVCRT:guard_support.obj
 0002:ffffd000       __guard_ehcont___scrt_is_nonwritable_in_current_image 0000000000000000     MSVCRT:utility.obj
 0000:ffff8000       _volmd                     0000000000000000     MSVCRT:utility.obj
 0000:ffff8000       _volmd                     0000000000000000     MSVCRT:utility.obj
 0000:ffff8000       _volmd                     0000000000000000     MSVCRT:utility.obj
 0002:ffffd000       __guard_fids___scrt_set_unhandled_exception_filter 0000000000000000     MSVCRT:utility_desktop.obj
 0000:ffff8000       _volmd                     0000000000000000     MSVCRT:utility_desktop.obj
 0000:ffff7000       .debug$S                   0000000000000000     vcruntime:VCRUNTIME140.dll
 0000:ffff7000       .debug$S                   0000000000000000     vcruntime:VCRUNTIME140.dll
 0000:ffff7000       .debug$S                   0000000000000000     vcruntime:VCRUNTIME140.dll
 0000:ffff7000       .debug$S                   0000000000000000     vcruntime:VCRUNTIME140.dll
 0000:ffff7000       .debug$S                   0000000000000000     vcruntime:VCRUNTIME140.dll
 0000:ffff7000       .debug$S                   0000000000000000     ucrt:api-ms-win-crt-runtime-l1-1-0.dll
 0000:ffff7000       .debug$S                   0000000000000000     ucrt:api-ms-win-crt-runtime-l1-1-0.dll
 0000:ffff7000       .debug$S                   0000000000000000     ucrt:api-ms-win-crt-runtime-l1-1-0.dll
 0000:ffff7000       .debug$S                   0000000000000000     ucrt:api-ms-win-crt-runtime-l1-1-0.dll
 0000:ffff7000       .debug$S                   0000000000000000     ucrt:api-ms-win-crt-runtime-l1-1-0.dll
 0000:ffff7000       .debug$S                   0000000000000000     ucrt:api-ms-win-crt-runtime-l1-1-0.dll
 0000:ffff7000       .debug$S                   0000000000000000     ucrt:api-ms-win-crt-runtime-l1-1-0.dll
 0000:ffff7000       .debug$S                   0000000000000000     ucrt:api-ms-win-crt-runtime-l1-1-0.dll
 0000:ffff7000       .debug$S                   0000000000000000     ucrt:api-ms-win-crt-runtime-l1-1-0.dll
 0000:ffff7000       .debug$S                   0000000000000000     ucrt:api-ms-win-crt-runtime-l1-1-0.dll
 0000:ffff7000       .debug$S                   0000000000000000     ucrt:api-ms-win-crt-runtime-l1-1-0.dll
 0000:ffff7000       .debug$S                   0000000000000000     ucrt:api-ms-win-crt-runtime-l1-1-0.dll
 0000:ffff7000       .debug$S                   0000000000000000     kernel32:KERNEL32.dll
 0000:ffff7000       .debug$S                   0000000000000000     kernel32:KERNEL32.dll
 0000:ffff7000       .debug$S                   0000000000000000     kernel32:KERNEL32.dll
 0000:ffff7000       .debug$S                   0000000000000000     kernel32:KERNEL32.dll
 0000:ffff7000       .debug$S                   0000000000000000     kernel32:KERNEL32.dll
 0000:ffff7000       .debug$S                   0000000000000000     kernel32:KERNEL32.dll
 0000:ffff7000       .debug$S                   0000000000000000     kernel32:KERNEL32.dll
 0000:ffff7000       .debug$S                   0000000000000000     kernel32:KERNEL32.dll
 0000:ffff7000       .debug$S                   0000000000000000     kernel32:KERNEL32.dll
 0000:ffff7000       .debug$S                   0000000000000000     kernel32:KERNEL32.dll
 0000:ffff7000       .debug$S                   0000000000000000     kernel32:KERNEL32.dll
 0000:ffff7000       .debug$S                   0000000000000000     kernel32:KERNEL32.dll
 0000:ffff7000       .debug$S                   0000000000000000     kernel32:KERNEL32.dll
 0000:ffff7000       .debug$S                   0000000000000000     kernel32:KERNEL32.dll
 0000:ffff7000       .debug$S                   0000000000000000     kernel32:KERNEL32.dll
 0000:ffff7000       .debug$S                   0000000000000000     kernel32:KERNEL32.dll
 0001:000001f8       ?dllmain_crt_dispatch@@YAHQEAUHINSTANCE__@@KQEAX@Z 00000000000011f8 f   MSVCRT:dll_dllmain.obj
 0001:00000248       ?dllmain_crt_process_attach@@YAHQEAUHINSTANCE__@@QEAX@Z 0000000000001248 f   MSVCRT:dll_dllmain.obj
 0001:00000360       ?dllmain_crt_process_detach@@YAH_N@Z 0000000000001360 f   MSVCRT:dll_dllmain.obj
 0001:000003e4       ?dllmain_dispatch@@YAHQEAUHINSTANCE__@@KQEAX@Z 00000000000013e4 f   MSVCRT:dll_dllmain.obj
 0001:00000518       ?dllmain_raw@@YAHQEAUHINSTANCE__@@KQEAX@Z 0000000000001518 f   MSVCRT:dll_dllmain.obj
 0001:0000057c       __get_entropy              000000000000157c f   MSVCRT:gs_support.obj
 0001:000006f0       ?find_pe_section@@YAPEAU_IMAGE_SECTION_HEADER@@QEAE_K@Z 00000000000016f0 f   MSVCRT:utility.obj
 0001:00000744       ?is_potentially_valid_image_base@@YA_NQEAX@Z 0000000000001744 f   MSVCRT:utility.obj
 0001:00000e90       __castguard_compat_check   0000000000001e90 f   MSVCRT:guard_support.obj
 0001:00000f7c       __castguard_slow_path_compat_check 0000000000001f7c f   MSVCRT:guard_support.obj
 0001:00001250       $$000000                   0000000000002250     MSVCRT:guard_dispatch.obj
 0001:00001270       $$000000                   0000000000002270     MSVCRT:guard_xfg_dispatch.obj
 0001:00001286       ?fin$0@?0??dllmain_crt_process_attach@@YAHQEAUHINSTANCE__@@QEAX@Z@4HA 0000000000002286 f   MSVCRT:dll_dllmain.obj
 0001:0000129d       ?fin$0@?0??dllmain_crt_process_detach@@YAH_N@Z@4HA 000000000000229d f   MSVCRT:dll_dllmain.obj
 0001:000012b6       ?fin$1@?0??dllmain_crt_process_detach@@YAH_N@Z@4HA 00000000000022b6 f   MSVCRT:dll_dllmain.obj
 0001:000012ca       ?filt$0@?0??dllmain_dispatch@@YAHQEAUHINSTANCE__@@KQEAX@Z@4HA 00000000000022ca f   MSVCRT:dll_dllmain.obj
 0001:00001300       __scrt_is_nonwritable_in_current_image$filt$0 0000000000002300 f   MSVCRT:utility.obj
 0002:00000190       P_Sa1_Ki                   0000000000003190     picontroller.obj
 0002:00000191       P_Sa1_Kp                   0000000000003191     picontroller.obj
 0002:00000a3e       .idata$6                   0000000000003a3e     kernel32:KERNEL32.dll
 0002:00000ac2       .idata$6                   0000000000003ac2     vcruntime:VCRUNTIME140.dll
 0002:00000bc6       .idata$6                   0000000000003bc6     ucrt:api-ms-win-crt-runtime-l1-1-0.dll
 0003:00000040       Sa1_sU                     0000000000004040     picontroller.obj
 0003:00000044       ?X_Sa1_Unit_Delay@?1??picontroller@@9@9 0000000000004044     picontroller.obj
 0003:00000048       HostPC_AppendError         0000000000004048     ts_drv.obj
 0003:00000050       g_hModule                  0000000000004050     ts_drv.obj
 0003:00000058       ?__proc_attached@@3HA      0000000000004058     MSVCRT:dll_dllmain.obj
 0003:00000090       ?is_initialized_as_dll@@3_NA 0000000000004090     MSVCRT:utility.obj
 0003:00000091       ?module_local_atexit_table_initialized@@3_NA 0000000000004091     MSVCRT:utility.obj
 0003:00000098       ?module_local_atexit_table@@3U_onexit_table_t@@A 0000000000004098     MSVCRT:utility.obj
 0003:000000b0       ?module_local_at_quick_exit_table@@3U_onexit_table_t@@A 00000000000040b0     MSVCRT:utility.obj
 0005:00000000       .edata                     0000000000006000     pipt1.exp
 0005:00000028       rgpv                       0000000000006028     pipt1.exp
 0005:0000002c       rgszName                   000000000000602c     pipt1.exp
 0005:00000030       rgwOrd                     0000000000006030     pipt1.exp
 0005:00000032       szName                     0000000000006032     pipt1.exp
 0005:0000003c       $N00001                    000000000000603c     pipt1.exp
 0006:00000000       $unwind$TsAppendError      0000000000007000     ts_drv.obj
 0006:00000008       $unwind$HostPC_Init        0000000000007008     ts_drv.obj
 0006:00000010       $unwind$?dllmain_crt_process_attach@@YAHQEAUHINSTANCE__@@QEAX@Z 0000000000007010     MSVCRT:dll_dllmain.obj
 0006:0000004c       $unwind$?fin$0@?0??dllmain_crt_process_attach@@YAHQEAUHINSTANCE__@@QEAX@Z@4HA 000000000000704c     MSVCRT:dll_dllmain.obj
 0006:00000054       $unwind$?dllmain_crt_process_detach@@YAH_N@Z 0000000000007054     MSVCRT:dll_dllmain.obj
 0006:000000a8       $unwind$?fin$0@?0??dllmain_crt_process_detach@@YAH_N@Z@4HA 00000000000070a8     MSVCRT:dll_dllmain.obj
 0006:000000b0       $unwind$?fin$1@?0??dllmain_crt_process_detach@@YAH_N@Z@4HA 00000000000070b0     MSVCRT:dll_dllmain.obj
 0006:000000b8       $unwind$?dllmain_crt_dispatch@@YAHQEAUHINSTANCE__@@KQEAX@Z 00000000000070b8     MSVCRT:dll_dllmain.obj
 0006:000000c0       $unwind$?dllmain_dispatch@@YAHQEAUHINSTANCE__@@KQEAX@Z 00000000000070c0     MSVCRT:dll_dllmain.obj
 0006:000000e8       $unwind$?filt$0@?0??dllmain_dispatch@@YAHQEAUHINSTANCE__@@KQEAX@Z@4HA 00000000000070e8     MSVCRT:dll_dllmain.obj
 0006:000000f0       $unwind$_DllMainCRTStartup 00000000000070f0     MSVCRT:dll_dllmain.obj
 0006:00000100       $unwind$__security_init_cookie 0000000000007100     MSVCRT:gs_support.obj
 0006:0000010c       $unwind$__get_entropy      000000000000710c     MSVCRT:gs_support.obj
 0006:00000114       $unwind$__scrt_initialize_default_local_stdio_options 0000000000007114     MSVCRT:default_local_stdio_options.obj
 0006:0000011c       $unwind$atexit             000000000000711c     MSVCRT:utility.obj
 0006:00000124       $unwind$_onexit            0000000000007124     MSVCRT:utility.obj
 0006:0000012c       $unwind$__scrt_is_nonwritable_in_current_image 000000000000712c     MSVCRT:utility.obj
 0006:0000014c       $unwind$__scrt_is_nonwritable_in_current_image$filt$0 000000000000714c     MSVCRT:utility.obj
 0006:00000154       $unwind$__scrt_acquire_startup_lock 0000000000007154     MSVCRT:utility.obj
 0006:0000015c       $unwind$__scrt_release_startup_lock 000000000000715c     MSVCRT:utility.obj
 0006:00000164       $unwind$__scrt_initialize_crt 0000000000007164     MSVCRT:utility.obj
 0006:0000016c       $unwind$__scrt_uninitialize_crt 000000000000716c     MSVCRT:utility.obj
 0006:00000174       $unwind$__scrt_initialize_onexit_tables 0000000000007174     MSVCRT:utility.obj
 0006:0000017c       $unwind$__scrt_dllmain_exception_filter 000000000000717c     MSVCRT:utility.obj
 0006:00000190       $unwind$__scrt_dllmain_before_initialize_c 0000000000007190     MSVCRT:utility.obj
 0006:00000198       $unwind$__scrt_dllmain_after_initialize_c 0000000000007198     MSVCRT:utility.obj
 0006:000001a0       $unwind$__scrt_dllmain_uninitialize_c 00000000000071a0     MSVCRT:utility.obj
 0006:000001a8       $unwind$__scrt_dllmain_uninitialize_critical 00000000000071a8     MSVCRT:utility.obj
 0006:000001b0       $unwind$__scrt_dllmain_crt_thread_attach 00000000000071b0     MSVCRT:utility.obj
 0006:000001b8       $unwind$__scrt_dllmain_crt_thread_detach 00000000000071b8     MSVCRT:utility.obj
 0006:000001c0       $unwind$?configure_argv@__scrt_narrow_argv_policy@@SAHXZ 00000000000071c0     MSVCRT:utility.obj
 0006:000001c8       $unwind$__scrt_get_show_window_mode 00000000000071c8     MSVCRT:utility_desktop.obj
 0006:000001d0       $unwind$__scrt_is_managed_app 00000000000071d0     MSVCRT:utility_desktop.obj
 0006:000001d8       $unwind$__scrt_fastfail    00000000000071d8     MSVCRT:utility_desktop.obj
 0006:000001e8       $unwind$__scrt_unhandled_exception_filter 00000000000071e8     MSVCRT:utility_desktop.obj
 0006:000001f4       $unwind$_RTC_Initialize    00000000000071f4     MSVCRT:initsect.obj
 0006:00000200       $unwind$_RTC_Terminate     0000000000007200     MSVCRT:initsect.obj
 0006:0000020c       $unwind$__castguard_check_failure_os_handled 000000000000720c     MSVCRT:guard_support.obj
 0006:00000214       $unwind$__castguard_slow_path_check_os_handled 0000000000007214     MSVCRT:guard_support.obj
 0006:0000021c       $unwind$__isa_available_init 000000000000721c     MSVCRT:cpu_disp.obj
 0006:00000230       $xdatasym                  0000000000007230     MSVCRT:guard_dispatch.obj
 0006:00000238       $xdatasym                  0000000000007238     MSVCRT:guard_xfg_dispatch.obj
